******************************************************************************
                  TI ARM Linker PC v20.2.7                     
******************************************************************************
>> Linked Sat Aug 24 00:34:10 2024

OUTPUT FILE NAME:   <test1_pray.out>
ENTRY POINT SYMBOL: "_c_int00_noinit_noargs"  address: 00000969


MEMORY CONFIGURATION

         name            origin    length      used     unused   attr    fill
----------------------  --------  ---------  --------  --------  ----  --------
  FLASH                 00000000   00040000  00000b4c  0003f4b4  R  X
  SRAM                  20000000   00008000  00000200  00007e00  RW X


SEGMENT ALLOCATION MAP

run origin  load origin   length   init length attrs members
----------  ----------- ---------- ----------- ----- -------
00000000    00000000    00000b4c   00000b4c    r-x
  00000000    00000000    0000026c   0000026c    r-- .intvecs
  0000026c    0000026c    000007e4   000007e4    r-x .text
  00000a50    00000a50    000000fc   000000fc    r-- .const
20000000    20000000    00000200   00000000    rw-
  20000000    20000000    00000200   00000000    rw- .stack


SECTION ALLOCATION MAP

 output                                  attributes/
section   page    origin      length       input sections
--------  ----  ----------  ----------   ----------------
.intvecs   0    00000000    0000026c     
                  00000000    0000026c     tm4c123gh6pm_startup_ccs.obj (.intvecs)

.text      0    0000026c    000007e4     
                  0000026c    00000198     main16.obj (.text)
                  00000404    0000016c     driverlib.lib : gpio.obj (.text:GPIOPadConfigSet)
                  00000570    00000118                   : sysctl.obj (.text:SysCtlClockGet)
                  00000688    000000f4                   : sysctl.obj (.text:SysCtlClockSet)
                  0000077c    0000007a                   : adc.obj (.text:ADCSequenceStepConfigure)
                  000007f6    0000004e                   : adc.obj (.text:ADCSequenceConfigure)
                  00000844    0000004c                   : gpio.obj (.text:GPIOPinConfigure)
                  00000890    00000046                   : uart.obj (.text:UARTConfigSetExpClk)
                  000008d6    00000002     --HOLE-- [fill = 0]
                  000008d8    00000034                   : sysctl.obj (.text:SysCtlPeripheralEnable)
                  0000090c    0000002e                   : adc.obj (.text:ADCIntStatus)
                  0000093a    0000002c                   : gpio.obj (.text:GPIODirModeSet)
                  00000966    00000002     --HOLE-- [fill = 0]
                  00000968    0000002c     rtsv7M4_T_le_v4SPD16_eabi.lib : boot_cortex_m.c.obj (.text:_c_int00_noinit_noargs:_c_int00_noinit_noargs)
                  00000994    00000020     driverlib.lib : uart.obj (.text:UARTDisable)
                  000009b4    0000001e                   : adc.obj (.text:ADCSequenceDataGet)
                  000009d2    00000018                   : adc.obj (.text:ADCProcessorTrigger)
                  000009ea    00000016                   : gpio.obj (.text:GPIOPinTypeUART)
                  00000a00    00000014                   : uart.obj (.text:UARTEnable)
                  00000a14    0000000e                   : adc.obj (.text:ADCSequenceEnable)
                  00000a22    0000000c     tm4c123gh6pm_startup_ccs.obj (.text)
                  00000a2e    0000000a     driverlib.lib : adc.obj (.text:ADCIntClear)
                  00000a38    0000000a                   : uart.obj (.text:UARTCharPut)
                  00000a42    00000006                   : sysctl.obj (.text:SysCtlDelay)
                  00000a48    00000004     rtsv7M4_T_le_v4SPD16_eabi.lib : pre_init.c.obj (.text:_system_pre_init)
                  00000a4c    00000004                                   : exit.c.obj (.text:abort:abort)

.const     0    00000a50    000000fc     
                  00000a50    00000090     driverlib.lib : gpio.obj (.const:g_pui32GPIOBaseAddrs)
                  00000ae0    0000006c                   : sysctl.obj (.const:g_pui32Xtals)

.cinit     0    00000000    00000000     UNINITIALIZED

.init_array 
*          0    00000000    00000000     UNINITIALIZED

.stack     0    20000000    00000200     UNINITIALIZED
                  20000000    00000004     rtsv7M4_T_le_v4SPD16_eabi.lib : boot_cortex_m.c.obj (.stack)
                  20000004    000001fc     --HOLE--

__llvm_prf_cnts 
*          0    20000000    00000000     UNINITIALIZED

MODULE SUMMARY

       Module                         code   ro data   rw data
       ------                         ----   -------   -------
    .\
       tm4c123gh6pm_startup_ccs.obj   12     620       0      
       main16.obj                     408    0         0      
    +--+------------------------------+------+---------+---------+
       Total:                         420    620       0      
                                                              
    C:/ti/TivaWare_C_Series-2.2.0.295/driverlib/ccs/Debug/driverlib.lib
       sysctl.obj                     582    108       0      
       gpio.obj                       506    144       0      
       adc.obj                        324    0         0      
       uart.obj                       132    0         0      
    +--+------------------------------+------+---------+---------+
       Total:                         1544   252       0      
                                                              
    C:\ti\ccs1230\ccs\tools\compiler\ti-cgt-arm_20.2.7.LTS\lib\rtsv7M4_T_le_v4SPD16_eabi.lib
       boot_cortex_m.c.obj            44     0         0      
       exit.c.obj                     4      0         0      
       pre_init.c.obj                 4      0         0      
    +--+------------------------------+------+---------+---------+
       Total:                         52     0         0      
                                                              
       Stack:                         0      0         512    
    +--+------------------------------+------+---------+---------+
       Grand Total:                   2016   872       512    


GLOBAL SYMBOLS: SORTED ALPHABETICALLY BY Name 

address   name                    
-------   ----                    
00000a2f  ADCIntClear             
0000090d  ADCIntStatus            
000009d3  ADCProcessorTrigger     
000007f7  ADCSequenceConfigure    
000009b5  ADCSequenceDataGet      
00000a15  ADCSequenceEnable       
0000077d  ADCSequenceStepConfigure
00000a4d  C$$EXIT                 
0000093b  GPIODirModeSet          
00000405  GPIOPadConfigSet        
00000845  GPIOPinConfigure        
000009eb  GPIOPinTypeUART         
00000a23  ResetISR                
00000571  SysCtlClockGet          
00000689  SysCtlClockSet          
00000a43  SysCtlDelay             
000008d9  SysCtlPeripheralEnable  
00000a39  UARTCharPut             
00000891  UARTConfigSetExpClk     
00000995  UARTDisable             
00000a01  UARTEnable              
20000200  __STACK_END             
00000200  __STACK_SIZE            
20000200  __STACK_TOP             
ffffffff  __TI_pprof_out_hndl     
ffffffff  __TI_prof_data_size     
ffffffff  __TI_prof_data_start    
00000000  __TI_static_base__      
ffffffff  __binit__               
ffffffff  __c_args__              
UNDEFED   __mpu_init              
20000000  __stack                 
20000000  __start___llvm_prf_cnts 
20000000  __stop___llvm_prf_cnts  
00000969  _c_int00_noinit_noargs  
00000a49  _system_pre_init        
00000a4d  abort                   
ffffffff  binit                   
00000000  g_pfnVectors            
0000028f  intToStringConvert      
00000307  main                    
0000026d  uartPrint               


GLOBAL SYMBOLS: SORTED BY Symbol Address 

address   name                    
-------   ----                    
00000000  __TI_static_base__      
00000000  g_pfnVectors            
00000200  __STACK_SIZE            
0000026d  uartPrint               
0000028f  intToStringConvert      
00000307  main                    
00000405  GPIOPadConfigSet        
00000571  SysCtlClockGet          
00000689  SysCtlClockSet          
0000077d  ADCSequenceStepConfigure
000007f7  ADCSequenceConfigure    
00000845  GPIOPinConfigure        
00000891  UARTConfigSetExpClk     
000008d9  SysCtlPeripheralEnable  
0000090d  ADCIntStatus            
0000093b  GPIODirModeSet          
00000969  _c_int00_noinit_noargs  
00000995  UARTDisable             
000009b5  ADCSequenceDataGet      
000009d3  ADCProcessorTrigger     
000009eb  GPIOPinTypeUART         
00000a01  UARTEnable              
00000a15  ADCSequenceEnable       
00000a23  ResetISR                
00000a2f  ADCIntClear             
00000a39  UARTCharPut             
00000a43  SysCtlDelay             
00000a49  _system_pre_init        
00000a4d  C$$EXIT                 
00000a4d  abort                   
20000000  __stack                 
20000000  __start___llvm_prf_cnts 
20000000  __stop___llvm_prf_cnts  
20000200  __STACK_END             
20000200  __STACK_TOP             
ffffffff  __TI_pprof_out_hndl     
ffffffff  __TI_prof_data_size     
ffffffff  __TI_prof_data_start    
ffffffff  __binit__               
ffffffff  __c_args__              
ffffffff  binit                   
UNDEFED   __mpu_init              

[42 symbols]
