******************************************************************************
                  TI ARM Linker PC v20.2.7                     
******************************************************************************
>> Linked Sat Aug 24 00:35:54 2024

OUTPUT FILE NAME:   <test1_pray.out>
ENTRY POINT SYMBOL: "_c_int00_noinit_noargs"  address: 00000975


MEMORY CONFIGURATION

         name            origin    length      used     unused   attr    fill
----------------------  --------  ---------  --------  --------  ----  --------
  FLASH                 00000000   00040000  00000b58  0003f4a8  R  X
  SRAM                  20000000   00008000  00000200  00007e00  RW X


SEGMENT ALLOCATION MAP

run origin  load origin   length   init length attrs members
----------  ----------- ---------- ----------- ----- -------
00000000    00000000    00000b58   00000b58    r-x
  00000000    00000000    0000026c   0000026c    r-- .intvecs
  0000026c    0000026c    000007f0   000007f0    r-x .text
  00000a5c    00000a5c    000000fc   000000fc    r-- .const
20000000    20000000    00000200   00000000    rw-
  20000000    20000000    00000200   00000000    rw- .stack


SECTION ALLOCATION MAP

 output                                  attributes/
section   page    origin      length       input sections
--------  ----  ----------  ----------   ----------------
.intvecs   0    00000000    0000026c     
                  00000000    0000026c     tm4c123gh6pm_startup_ccs.obj (.intvecs)

.text      0    0000026c    000007f0     
                  0000026c    000001a4     main16.obj (.text)
                  00000410    0000016c     driverlib.lib : gpio.obj (.text:GPIOPadConfigSet)
                  0000057c    00000118                   : sysctl.obj (.text:SysCtlClockGet)
                  00000694    000000f4                   : sysctl.obj (.text:SysCtlClockSet)
                  00000788    0000007a                   : adc.obj (.text:ADCSequenceStepConfigure)
                  00000802    0000004e                   : adc.obj (.text:ADCSequenceConfigure)
                  00000850    0000004c                   : gpio.obj (.text:GPIOPinConfigure)
                  0000089c    00000046                   : uart.obj (.text:UARTConfigSetExpClk)
                  000008e2    00000002     --HOLE-- [fill = 0]
                  000008e4    00000034                   : sysctl.obj (.text:SysCtlPeripheralEnable)
                  00000918    0000002e                   : adc.obj (.text:ADCIntStatus)
                  00000946    0000002c                   : gpio.obj (.text:GPIODirModeSet)
                  00000972    00000002     --HOLE-- [fill = 0]
                  00000974    0000002c     rtsv7M4_T_le_v4SPD16_eabi.lib : boot_cortex_m.c.obj (.text:_c_int00_noinit_noargs:_c_int00_noinit_noargs)
                  000009a0    00000020     driverlib.lib : uart.obj (.text:UARTDisable)
                  000009c0    0000001e                   : adc.obj (.text:ADCSequenceDataGet)
                  000009de    00000018                   : adc.obj (.text:ADCProcessorTrigger)
                  000009f6    00000016                   : gpio.obj (.text:GPIOPinTypeUART)
                  00000a0c    00000014                   : uart.obj (.text:UARTEnable)
                  00000a20    0000000e                   : adc.obj (.text:ADCSequenceEnable)
                  00000a2e    0000000c     tm4c123gh6pm_startup_ccs.obj (.text)
                  00000a3a    0000000a     driverlib.lib : adc.obj (.text:ADCIntClear)
                  00000a44    0000000a                   : uart.obj (.text:UARTCharPut)
                  00000a4e    00000006                   : sysctl.obj (.text:SysCtlDelay)
                  00000a54    00000004     rtsv7M4_T_le_v4SPD16_eabi.lib : pre_init.c.obj (.text:_system_pre_init)
                  00000a58    00000004                                   : exit.c.obj (.text:abort:abort)

.const     0    00000a5c    000000fc     
                  00000a5c    00000090     driverlib.lib : gpio.obj (.const:g_pui32GPIOBaseAddrs)
                  00000aec    0000006c                   : sysctl.obj (.const:g_pui32Xtals)

.cinit     0    00000000    00000000     UNINITIALIZED

.init_array 
*          0    00000000    00000000     UNINITIALIZED

.stack     0    20000000    00000200     UNINITIALIZED
                  20000000    00000004     rtsv7M4_T_le_v4SPD16_eabi.lib : boot_cortex_m.c.obj (.stack)
                  20000004    000001fc     --HOLE--

__llvm_prf_cnts 
*          0    20000000    00000000     UNINITIALIZED

MODULE SUMMARY

       Module                         code   ro data   rw data
       ------                         ----   -------   -------
    .\
       tm4c123gh6pm_startup_ccs.obj   12     620       0      
       main16.obj                     420    0         0      
    +--+------------------------------+------+---------+---------+
       Total:                         432    620       0      
                                                              
    C:/ti/TivaWare_C_Series-2.2.0.295/driverlib/ccs/Debug/driverlib.lib
       sysctl.obj                     582    108       0      
       gpio.obj                       506    144       0      
       adc.obj                        324    0         0      
       uart.obj                       132    0         0      
    +--+------------------------------+------+---------+---------+
       Total:                         1544   252       0      
                                                              
    C:\ti\ccs1230\ccs\tools\compiler\ti-cgt-arm_20.2.7.LTS\lib\rtsv7M4_T_le_v4SPD16_eabi.lib
       boot_cortex_m.c.obj            44     0         0      
       exit.c.obj                     4      0         0      
       pre_init.c.obj                 4      0         0      
    +--+------------------------------+------+---------+---------+
       Total:                         52     0         0      
                                                              
       Stack:                         0      0         512    
    +--+------------------------------+------+---------+---------+
       Grand Total:                   2028   872       512    


GLOBAL SYMBOLS: SORTED ALPHABETICALLY BY Name 

address   name                    
-------   ----                    
00000a3b  ADCIntClear             
00000919  ADCIntStatus            
000009df  ADCProcessorTrigger     
00000803  ADCSequenceConfigure    
000009c1  ADCSequenceDataGet      
00000a21  ADCSequenceEnable       
00000789  ADCSequenceStepConfigure
00000a59  C$$EXIT                 
00000947  GPIODirModeSet          
00000411  GPIOPadConfigSet        
00000851  GPIOPinConfigure        
000009f7  GPIOPinTypeUART         
00000a2f  ResetISR                
0000057d  SysCtlClockGet          
00000695  SysCtlClockSet          
00000a4f  SysCtlDelay             
000008e5  SysCtlPeripheralEnable  
00000a45  UARTCharPut             
0000089d  UARTConfigSetExpClk     
000009a1  UARTDisable             
00000a0d  UARTEnable              
20000200  __STACK_END             
00000200  __STACK_SIZE            
20000200  __STACK_TOP             
ffffffff  __TI_pprof_out_hndl     
ffffffff  __TI_prof_data_size     
ffffffff  __TI_prof_data_start    
00000000  __TI_static_base__      
ffffffff  __binit__               
ffffffff  __c_args__              
UNDEFED   __mpu_init              
20000000  __stack                 
20000000  __start___llvm_prf_cnts 
20000000  __stop___llvm_prf_cnts  
00000975  _c_int00_noinit_noargs  
00000a55  _system_pre_init        
00000a59  abort                   
ffffffff  binit                   
00000000  g_pfnVectors            
0000028f  intToStringConvert      
00000307  main                    
0000026d  uartPrint               


GLOBAL SYMBOLS: SORTED BY Symbol Address 

address   name                    
-------   ----                    
00000000  __TI_static_base__      
00000000  g_pfnVectors            
00000200  __STACK_SIZE            
0000026d  uartPrint               
0000028f  intToStringConvert      
00000307  main                    
00000411  GPIOPadConfigSet        
0000057d  SysCtlClockGet          
00000695  SysCtlClockSet          
00000789  ADCSequenceStepConfigure
00000803  ADCSequenceConfigure    
00000851  GPIOPinConfigure        
0000089d  UARTConfigSetExpClk     
000008e5  SysCtlPeripheralEnable  
00000919  ADCIntStatus            
00000947  GPIODirModeSet          
00000975  _c_int00_noinit_noargs  
000009a1  UARTDisable             
000009c1  ADCSequenceDataGet      
000009df  ADCProcessorTrigger     
000009f7  GPIOPinTypeUART         
00000a0d  UARTEnable              
00000a21  ADCSequenceEnable       
00000a2f  ResetISR                
00000a3b  ADCIntClear             
00000a45  UARTCharPut             
00000a4f  SysCtlDelay             
00000a55  _system_pre_init        
00000a59  C$$EXIT                 
00000a59  abort                   
20000000  __stack                 
20000000  __start___llvm_prf_cnts 
20000000  __stop___llvm_prf_cnts  
20000200  __STACK_END             
20000200  __STACK_TOP             
ffffffff  __TI_pprof_out_hndl     
ffffffff  __TI_prof_data_size     
ffffffff  __TI_prof_data_start    
ffffffff  __binit__               
ffffffff  __c_args__              
ffffffff  binit                   
UNDEFED   __mpu_init              

[42 symbols]
